// Jest Snapshot v1, https://goo.gl/fbAQLP

exports[`App renders 1`] = `
<div>
  <main
    id="app"
  >
    <div
      class="game-board"
    >
      <p>
        Game Board
      </p>
    </div>
  </main>
</div>
`;
