// Jest Snapshot v1, https://goo.gl/fbAQLP

exports[`Board renders 1`] = `
<div>
  <div
    class="game-board"
  >
    <p>
      Game Board
    </p>
  </div>
</div>
`;
